(the (nu (A) (-> A A)) (lambda (x) x))
(the (nu (A) (-> A A)) (lambda (x) x))
(the (nu (A) (-> A A)) (lambda (x) x))
